// Jest Snapshot v1, https://goo.gl/fbAQLP

exports[`Integration with stylelint stylelint --fix with html lang-postcss.vue 1`] = `
"<template>
</template>
<style lang=\\"postcss\\">
a {
a {
color: red
}
}
</style>
"
`;

exports[`Integration with stylelint stylelint --fix with html test.html 1`] = `
"<!DOCTYPE html>
<html>
	<head>
		<style type=\\"text/css\\">
			a {
				display: flex;
			}
		</style>
	</head>
	<body>
		<div style=\\"font-family: \\"serif serif\\"\\"></div>
	</body>
</html>
"
`;

exports[`Integration with stylelint stylelint --fix with html test.vue 1`] = `
"<template>
  <input v-model=\\"inputValue\\" />
  <button @click=\\"handleClick\\" class=\\"add-button\\">Add ToDo</button>
  <ul class=\\"todo-list\\">
    <li
      v-for=\\"(todo, index) in todoItems\\"
      :key=\\"todo.id\\"
      class=\\"todo-item\\"
      :class=\\"{ 'todo-item--done': todo.done }\\"
      @click=\\"todo.done = !todo.done\\"
    >
      <span v-if=\\"todo.done\\">✓</span> {{ todo.text }}
    </li>
  </ul>
</template>
<script setup>
import { ref, computed } from \\"vue\\"
const inputValue = ref(\\"\\")
const todoItems = ref([])

function handleClick() {
  todoItems.value.push({
    id: Math.random().toString(36).slice(-8),
    done: false,
    text: inputValue.value,
  })
  inputValue.value = \\"\\"
}

const buttonColor = computed(() => (inputValue ? \\"black\\" : \\"white\\"));
const buttonPointerEvents = computed(() =>
  inputValue.value ? \\"initial\\" : \\"none\\"
);
</script>
<style>
.add-button {
  color: v-bind(buttoncolor);
  pointer-events: v-bind(\\"inputValue ? 'initial' : 'none'\\");
}

.todo-list {
  list-style: none;
}

.todo-item {
  background-color: #eef;
}

.todo-item--done {
  background-color: #3fb983;
  color: #fff;
}
</style>
"
`;

exports[`Integration with stylelint stylelint --fix with html test-with-stylus.vue 1`] = `
"<template>
  <div style=\\"display: flex\\"/>
</template>
<script>
</script>
<style lang=\\"stylus\\">
.add-button
    color red

.todo-list
    list-style none
    background-color #eef

    .todo-item--done {
        background-color: #3fb983;
        color: #fff;
    }
</style>
"
`;

exports[`Integration with stylelint stylelint with html lang-postcss.vue 1`] = `Array []`;

exports[`Integration with stylelint stylelint with html test.html 1`] = `
Array [
  Object {
    "column": 34,
    "endColumn": 39,
    "endLine": 11,
    "fix": undefined,
    "line": 11,
    "rule": "declaration-property-value-no-unknown",
    "severity": "error",
    "text": "Unknown value \\"serif\\" for property \\"font-family\\" (declaration-property-value-no-unknown)",
    "url": undefined,
  },
  Object {
    "column": 28,
    "endColumn": 39,
    "endLine": 11,
    "fix": undefined,
    "line": 11,
    "rule": "font-family-name-quotes",
    "severity": "error",
    "text": "Expected quotes around \\"serif serif\\" (font-family-name-quotes)",
    "url": undefined,
  },
  Object {
    "column": 28,
    "endColumn": 33,
    "endLine": 11,
    "fix": undefined,
    "line": 11,
    "rule": "font-family-no-missing-generic-family-keyword",
    "severity": "error",
    "text": "Missing generic font family (font-family-no-missing-generic-family-keyword)",
    "url": undefined,
  },
]
`;

exports[`Integration with stylelint stylelint with html test.vue 1`] = `
Array [
  Object {
    "column": 10,
    "endColumn": 29,
    "endLine": 37,
    "fix": undefined,
    "line": 37,
    "rule": "declaration-property-value-no-unknown",
    "severity": "error",
    "text": "Unknown value \\"v-bind(buttonColor)\\" for property \\"color\\" (declaration-property-value-no-unknown)",
    "url": undefined,
  },
  Object {
    "column": 19,
    "endColumn": 60,
    "endLine": 38,
    "fix": undefined,
    "line": 38,
    "rule": "declaration-property-value-no-unknown",
    "severity": "error",
    "text": "Unknown value \\"v-bind(\\"inputValue ? 'initial' : 'none'\\")\\" for property \\"pointer-events\\" (declaration-property-value-no-unknown)",
    "url": undefined,
  },
  Object {
    "column": 1,
    "endColumn": 2,
    "endLine": 42,
    "fix": undefined,
    "line": 40,
    "rule": "rule-empty-line-before",
    "severity": "error",
    "text": "Expected empty line before rule (rule-empty-line-before)",
    "url": undefined,
  },
  Object {
    "column": 1,
    "endColumn": 2,
    "endLine": 45,
    "fix": undefined,
    "line": 43,
    "rule": "rule-empty-line-before",
    "severity": "error",
    "text": "Expected empty line before rule (rule-empty-line-before)",
    "url": undefined,
  },
  Object {
    "column": 1,
    "endColumn": 2,
    "endLine": 49,
    "fix": undefined,
    "line": 46,
    "rule": "rule-empty-line-before",
    "severity": "error",
    "text": "Expected empty line before rule (rule-empty-line-before)",
    "url": undefined,
  },
  Object {
    "column": 1,
    "endColumn": 17,
    "endLine": 46,
    "fix": undefined,
    "line": 46,
    "rule": "selector-class-pattern",
    "severity": "error",
    "text": "Expected class selector \\".todo-item--done\\" to be kebab-case (selector-class-pattern)",
    "url": undefined,
  },
  Object {
    "column": 17,
    "endColumn": 28,
    "endLine": 37,
    "fix": undefined,
    "line": 37,
    "rule": "value-keyword-case",
    "severity": "error",
    "text": "Expected \\"buttonColor\\" to be \\"buttoncolor\\" (value-keyword-case)",
    "url": undefined,
  },
]
`;

exports[`Integration with stylelint stylelint with html test-with-stylus.vue 1`] = `
Array [
  Object {
    "column": 1,
    "endColumn": 6,
    "endLine": 16,
    "fix": undefined,
    "line": 9,
    "rule": "rule-empty-line-before",
    "severity": "error",
    "text": "Expected empty line before rule (rule-empty-line-before)",
    "url": undefined,
  },
  Object {
    "column": 5,
    "endColumn": 21,
    "endLine": 13,
    "fix": undefined,
    "line": 13,
    "rule": "selector-class-pattern",
    "severity": "error",
    "text": "Expected class selector \\".todo-item--done\\" to be kebab-case (selector-class-pattern)",
    "url": undefined,
  },
]
`;
